

================================================================
== Vivado HLS Report for 'sobel_hls'
================================================================
* Date:           Wed Jun 26 10:06:06 2019

* Version:        2018.3 (Build 2405991 on Thu Dec 06 23:56:15 MST 2018)
* Project:        sobel_hls
* Solution:       solution4
* Product family: zynq
* Target device:  xc7z020clg400-1


================================================================
== Performance Estimates
================================================================
+ Timing (ns): 
    * Summary: 
    +--------+-------+----------+------------+
    |  Clock | Target| Estimated| Uncertainty|
    +--------+-------+----------+------------+
    |ap_clk  |  10.00|    10.049|        1.25|
    +--------+-------+----------+------------+

+ Latency (clock cycles): 
    * Summary: 
    +--------+--------+--------+--------+----------+
    |     Latency     |     Interval    | Pipeline |
    |   min  |   max  |   min  |   max  |   Type   |
    +--------+--------+--------+--------+----------+
    |  930672|  942498|  930661|  942482| dataflow |
    +--------+--------+--------+--------+----------+

    + Detail: 
        * Instance: 
        +-----------------+--------------+--------+--------+--------+--------+---------+
        |                 |              |     Latency     |     Interval    | Pipeline|
        |     Instance    |    Module    |   min  |   max  |   min  |   max  |   Type  |
        +-----------------+--------------+--------+--------+--------+--------+---------+
        |AddWeighted_U0   |AddWeighted   |       1|  942481|       1|  942481|   none  |
        |Sobel_U0         |Sobel         |  930660|  930660|  930660|  930660|   none  |
        |Sobel_1_U0       |Sobel_1       |  930660|  930660|  930660|  930660|   none  |
        |GaussianBlur_U0  |GaussianBlur  |  930660|  930660|  930660|  930660|   none  |
        |AXIvideo2Mat_U0  |AXIvideo2Mat  |       3|  925203|       3|  925203|   none  |
        |CvtColor_1_U0    |CvtColor_1    |       1|  925921|       1|  925921|   none  |
        |Mat2AXIvideo_U0  |Mat2AXIvideo  |  924481|  924481|  924481|  924481|   none  |
        |CvtColor_U0      |CvtColor      |       1|  923761|       1|  923761|   none  |
        |Duplicate_U0     |Duplicate     |  923761|  923761|  923761|  923761|   none  |
        |Block_proc_U0    |Block_proc    |       0|       0|       0|       0|   none  |
        +-----------------+--------------+--------+--------+--------+--------+---------+

        * Loop: 
        N/A



================================================================
== Utilization Estimates
================================================================
* Summary: 
+-----------------+---------+-------+--------+-------+
|       Name      | BRAM_18K| DSP48E|   FF   |  LUT  |
+-----------------+---------+-------+--------+-------+
|DSP              |        -|      -|       -|      -|
|Expression       |        -|      -|       0|     34|
|FIFO             |        0|      -|     107|    450|
|Instance         |        9|     39|    5874|  11287|
|Memory           |        -|      -|       -|      -|
|Multiplexer      |        -|      -|       -|     36|
|Register         |        -|      -|       6|      -|
+-----------------+---------+-------+--------+-------+
|Total            |        9|     39|    5987|  11807|
+-----------------+---------+-------+--------+-------+
|Available        |      280|    220|  106400|  53200|
+-----------------+---------+-------+--------+-------+
|Utilization (%)  |        3|     17|       5|     22|
+-----------------+---------+-------+--------+-------+

+ Detail: 
    * Instance: 
    +-----------------+--------------+---------+-------+------+------+
    |     Instance    |    Module    | BRAM_18K| DSP48E|  FF  |  LUT |
    +-----------------+--------------+---------+-------+------+------+
    |AXIvideo2Mat_U0  |AXIvideo2Mat  |        0|      0|   391|   570|
    |AddWeighted_U0   |AddWeighted   |        0|     28|  3540|  6449|
    |Block_proc_U0    |Block_proc    |        0|      0|     3|    56|
    |CvtColor_U0      |CvtColor      |        0|      0|    63|   195|
    |CvtColor_1_U0    |CvtColor_1    |        0|      3|   238|   259|
    |Duplicate_U0     |Duplicate     |        0|      0|    40|   168|
    |GaussianBlur_U0  |GaussianBlur  |        3|      4|   506|  1032|
    |Mat2AXIvideo_U0  |Mat2AXIvideo  |        0|      0|   119|   360|
    |Sobel_U0         |Sobel         |        3|      2|   487|  1099|
    |Sobel_1_U0       |Sobel_1       |        3|      2|   487|  1099|
    +-----------------+--------------+---------+-------+------+------+
    |Total            |              |        9|     39|  5874| 11287|
    +-----------------+--------------+---------+-------+------+------+

    * DSP48: 
    N/A

    * Memory: 
    N/A

    * FIFO: 
    +------------------------+---------+---+----+------+-----+---------+
    |          Name          | BRAM_18K| FF| LUT| Depth| Bits| Size:D*B|
    +------------------------+---------+---+----+------+-----+---------+
    |img_0_cols_V_c23_U      |        0|  5|  24|     2|   12|       24|
    |img_0_cols_V_c_U        |        0|  5|  24|     2|   12|       24|
    |img_0_data_stream_0_U   |        0|  5|  20|     2|    8|       16|
    |img_0_data_stream_1_U   |        0|  5|  20|     2|    8|       16|
    |img_0_data_stream_2_U   |        0|  5|  20|     2|    8|       16|
    |img_0_rows_V_c22_U      |        0|  5|  23|     2|   11|       22|
    |img_0_rows_V_c_U        |        0|  5|  23|     2|   11|       22|
    |img_1_data_stream_0_U   |        0|  5|  20|     2|    8|       16|
    |img_2_data_stream_0_U   |        0|  5|  20|     2|    8|       16|
    |img_2a_data_stream_0_U  |        0|  5|  20|     2|    8|       16|
    |img_2b_data_stream_0_U  |        0|  5|  20|     2|    8|       16|
    |img_3_data_stream_0_U   |        0|  5|  20|     2|    8|       16|
    |img_4_data_stream_0_U   |        0|  5|  20|     2|    8|       16|
    |img_5_cols_V_c25_U      |        0|  5|  24|     2|   12|       24|
    |img_5_cols_V_c_U        |        0|  6|  25|     7|   12|       84|
    |img_5_data_stream_0_U   |        0|  5|  20|     2|    8|       16|
    |img_5_rows_V_c24_U      |        0|  5|  23|     2|   11|       22|
    |img_5_rows_V_c_U        |        0|  6|  24|     7|   11|       77|
    |img_6_data_stream_0_U   |        0|  5|  20|     2|    8|       16|
    |img_6_data_stream_1_U   |        0|  5|  20|     2|    8|       16|
    |img_6_data_stream_2_U   |        0|  5|  20|     2|    8|       16|
    +------------------------+---------+---+----+------+-----+---------+
    |Total                   |        0|107| 450|    52|  196|      507|
    +------------------------+---------+---+----+------+-----+---------+

    * Expression: 
    +----------------------------------+----------+-------+---+----+------------+------------+
    |           Variable Name          | Operation| DSP48E| FF| LUT| Bitwidth P0| Bitwidth P1|
    +----------------------------------+----------+-------+---+----+------------+------------+
    |AXIvideo2Mat_U0_ap_ready_count    |     +    |      0|  0|  10|           2|           1|
    |Block_proc_U0_ap_ready_count      |     +    |      0|  0|  10|           2|           1|
    |AXIvideo2Mat_U0_ap_start          |    and   |      0|  0|   2|           1|           1|
    |Block_proc_U0_ap_start            |    and   |      0|  0|   2|           1|           1|
    |Duplicate_U0_start_full_n         |    and   |      0|  0|   2|           1|           1|
    |ap_idle                           |    and   |      0|  0|   2|           1|           1|
    |ap_sync_ready                     |    and   |      0|  0|   2|           1|           1|
    |ap_sync_AXIvideo2Mat_U0_ap_ready  |    or    |      0|  0|   2|           1|           1|
    |ap_sync_Block_proc_U0_ap_ready    |    or    |      0|  0|   2|           1|           1|
    +----------------------------------+----------+-------+---+----+------------+------------+
    |Total                             |          |      0|  0|  34|          11|           9|
    +----------------------------------+----------+-------+---+----+------------+------------+

    * Multiplexer: 
    +--------------------------------------+----+-----------+-----+-----------+
    |                 Name                 | LUT| Input Size| Bits| Total Bits|
    +--------------------------------------+----+-----------+-----+-----------+
    |AXIvideo2Mat_U0_ap_ready_count        |   9|          2|    2|          4|
    |Block_proc_U0_ap_ready_count          |   9|          2|    2|          4|
    |ap_sync_reg_AXIvideo2Mat_U0_ap_ready  |   9|          2|    1|          2|
    |ap_sync_reg_Block_proc_U0_ap_ready    |   9|          2|    1|          2|
    +--------------------------------------+----+-----------+-----+-----------+
    |Total                                 |  36|          8|    6|         12|
    +--------------------------------------+----+-----------+-----+-----------+

    * Register: 
    +--------------------------------------+---+----+-----+-----------+
    |                 Name                 | FF| LUT| Bits| Const Bits|
    +--------------------------------------+---+----+-----+-----------+
    |AXIvideo2Mat_U0_ap_ready_count        |  2|   0|    2|          0|
    |Block_proc_U0_ap_ready_count          |  2|   0|    2|          0|
    |ap_sync_reg_AXIvideo2Mat_U0_ap_ready  |  1|   0|    1|          0|
    |ap_sync_reg_Block_proc_U0_ap_ready    |  1|   0|    1|          0|
    +--------------------------------------+---+----+-----+-----------+
    |Total                                 |  6|   0|    6|          0|
    +--------------------------------------+---+----+-----+-----------+



================================================================
== Interface
================================================================
* Summary: 
+----------------------+-----+-----+------------+------------------------+--------------+
|       RTL Ports      | Dir | Bits|  Protocol  |      Source Object     |    C Type    |
+----------------------+-----+-----+------------+------------------------+--------------+
|INPUT_STREAM_TDATA    |  in |   24|    axis    |  INPUT_STREAM_V_data_V |    pointer   |
|INPUT_STREAM_TKEEP    |  in |    3|    axis    |  INPUT_STREAM_V_keep_V |    pointer   |
|INPUT_STREAM_TSTRB    |  in |    3|    axis    |  INPUT_STREAM_V_strb_V |    pointer   |
|INPUT_STREAM_TUSER    |  in |    1|    axis    |  INPUT_STREAM_V_user_V |    pointer   |
|INPUT_STREAM_TLAST    |  in |    1|    axis    |  INPUT_STREAM_V_last_V |    pointer   |
|INPUT_STREAM_TID      |  in |    1|    axis    |   INPUT_STREAM_V_id_V  |    pointer   |
|INPUT_STREAM_TDEST    |  in |    1|    axis    |  INPUT_STREAM_V_dest_V |    pointer   |
|INPUT_STREAM_TVALID   |  in |    1|    axis    |  INPUT_STREAM_V_dest_V |    pointer   |
|INPUT_STREAM_TREADY   | out |    1|    axis    |  INPUT_STREAM_V_dest_V |    pointer   |
|OUTPUT_STREAM_TDATA   | out |   24|    axis    | OUTPUT_STREAM_V_data_V |    pointer   |
|OUTPUT_STREAM_TKEEP   | out |    3|    axis    | OUTPUT_STREAM_V_keep_V |    pointer   |
|OUTPUT_STREAM_TSTRB   | out |    3|    axis    | OUTPUT_STREAM_V_strb_V |    pointer   |
|OUTPUT_STREAM_TUSER   | out |    1|    axis    | OUTPUT_STREAM_V_user_V |    pointer   |
|OUTPUT_STREAM_TLAST   | out |    1|    axis    | OUTPUT_STREAM_V_last_V |    pointer   |
|OUTPUT_STREAM_TID     | out |    1|    axis    |  OUTPUT_STREAM_V_id_V  |    pointer   |
|OUTPUT_STREAM_TDEST   | out |    1|    axis    | OUTPUT_STREAM_V_dest_V |    pointer   |
|OUTPUT_STREAM_TVALID  | out |    1|    axis    | OUTPUT_STREAM_V_dest_V |    pointer   |
|OUTPUT_STREAM_TREADY  |  in |    1|    axis    | OUTPUT_STREAM_V_dest_V |    pointer   |
|ap_clk                |  in |    1| ap_ctrl_hs |        sobel_hls       | return value |
|ap_rst_n              |  in |    1| ap_ctrl_hs |        sobel_hls       | return value |
|ap_start              |  in |    1| ap_ctrl_hs |        sobel_hls       | return value |
|ap_done               | out |    1| ap_ctrl_hs |        sobel_hls       | return value |
|ap_ready              | out |    1| ap_ctrl_hs |        sobel_hls       | return value |
|ap_idle               | out |    1| ap_ctrl_hs |        sobel_hls       | return value |
+----------------------+-----+-----+------------+------------------------+--------------+

