#-----------------------------------------------------------
# Vivado v2018.2 (64-bit)
# SW Build 2258646 on Thu Jun 14 20:03:12 MDT 2018
# IP Build 2256618 on Thu Jun 14 22:10:49 MDT 2018
# Start of session at: Fri Mar  1 15:26:41 2019
# Process ID: 6780
# Current directory: C:/Users/rogyorge/AppData/Roaming/Xilinx/Vivado
# Command line: vivado.exe -gui_launcher_event rodinguilauncherevent13232
# Log file: C:/Users/rogyorge/AppData/Roaming/Xilinx/Vivado/vivado.log
# Journal file: C:/Users/rogyorge/AppData/Roaming/Xilinx/Vivado\vivado.jou
#-----------------------------------------------------------
start_gui
open_project C:/git/Zybo-Z7-20-pcam-5c/proj/Zybo-Z7-20-pcam-5c.xpr
update_compile_order -fileset sources_1
open_bd_design {C:/git/Zybo-Z7-20-pcam-5c/proj/Zybo-Z7-20-pcam-5c.srcs/sources_1/bd/system/system.bd}
report_ip_status -name ip_status 
launch_runs impl_1 -jobs 2
wait_on_run impl_1
open_run impl_1
launch_runs impl_1 -to_step write_bitstream -jobs 2
wait_on_run impl_1
file mkdir C:/git/Zybo-Z7-20-pcam-5c/proj/Zybo-Z7-20-pcam-5c.sdk
file copy -force C:/git/Zybo-Z7-20-pcam-5c/proj/Zybo-Z7-20-pcam-5c.runs/impl_1/system_wrapper.sysdef C:/git/Zybo-Z7-20-pcam-5c/hw_handoff/system_wrapper.hdf

launch_sdk -workspace C:/git/Zybo-Z7-20-pcam-5c/sdk -hwspec C:/git/Zybo-Z7-20-pcam-5c/hw_handoff/system_wrapper.hdf
file copy -force C:/git/Zybo-Z7-20-pcam-5c/proj/Zybo-Z7-20-pcam-5c.runs/impl_1/system_wrapper.sysdef C:/git/Zybo-Z7-20-pcam-5c/hw_handoff/system_wrapper.hdf

archive_project C:/git/Zybo-Z7-20-pcam-5c/release/vivado_proj.xpr.zip -temp_dir C:/Users/rogyorge/AppData/Roaming/Xilinx/Vivado/.Xil/Vivado-6780-elodlt-ro -force -include_local_ip_cache
